(node:12) ExperimentalWarning: `--experimental-loader` may be removed in the future; instead use `register()`:
--import 'data:text/javascript,import { register } from "node:module"; import { pathToFileURL } from "node:url"; register("./tests/support/ts-extension-loader.mjs", pathToFileURL("./")); register("./tests/support/ts-extension-loader.mjs", pathToFileURL("./"));'
(Use `node --trace-warnings ...` to show where the warning was created)
✔ different explicit resources are observed, never an authorization to write (16.302005ms)
✔ secret values, raw bindings and author emails are absent from serialized report (2.70061ms)
✔ shared D1 cannot pass (3.446932ms)
✔ shared R2 cannot pass (1.078023ms)
✔ same Worker cannot pass (2.17636ms)
✔ R2 jurisdiction difference does not excuse reusing a production bucket name (0.825445ms)
✔ a renamed extra binding cannot hide production storage reuse (1.992303ms)
✔ known production baseline still protected if current production switched databases (1.213405ms)
✔ all weighted production versions are inspected, not just the first (16.122129ms)
✔ latest actively serving deployment is the first API entry, not an arbitrary old one (0.753202ms)
✔ incomplete/ambiguous deployment metadata fails closed (0.484838ms)
✔ incomplete/ambiguous deployment metadata fails closed (0.211309ms)
✔ incomplete/ambiguous deployment metadata fails closed (0.49166ms)
✔ incomplete/ambiguous deployment metadata fails closed (1.612168ms)
✔ incomplete/ambiguous deployment metadata fails closed (0.494059ms)
✔ unresolved/additional inherit requires review (1.203052ms)
✔ unresolved/additional service requires review (1.185853ms)
✔ unresolved/additional kv_namespace requires review (0.914187ms)
✔ unresolved/additional queue requires review (0.63431ms)
✔ unresolved/additional durable_object_namespace requires review (0.780201ms)
✔ CMS/Gmail/deploy configuration is flagged without exposing its values (0.541887ms)
✔ missing expected DB binding cannot pass even when another DB exists (0.905689ms)
✔ missing bindings array is unknown, not empty isolated storage (1.516844ms)
✔ duplicate binding name fails closed (0.697947ms)
✔ deprecated d1 id is accepted when unambiguous (0.63733ms)
✔ conflicting legacy/current D1 ids fail closed (0.952714ms)
✔ exact requested version must match response (0.432206ms)
✔ cron enabled in test is flagged, never removed by this tool (1.438315ms)
✔ unavailable schedule metadata is unverified (1.637ms)
✔ production deployment changes while checking are rejected (0.573578ms)
✔ test schedule changes while checking are rejected (0.77804ms)
✔ invalid accountId does not call the network (0.201298ms)
✔ invalid accountId does not call the network (0.05712ms)
✔ invalid testWorker does not call the network (0.050469ms)
✔ invalid testWorker does not call the network (0.062173ms)
✔ invalid testVersionId does not call the network (0.062332ms)
✔ invalid token does not call the network (0.046151ms)
✔ invalid token does not call the network (0.041677ms)
✔ HTTP 401 never leaks API error body (0.286757ms)
✔ HTTP 403 never leaks API error body (0.125527ms)
✔ HTTP 404 never leaks API error body (0.081391ms)
✔ HTTP 429 never leaks API error body (0.171071ms)
✔ HTTP 500 never leaks API error body (0.271249ms)
✔ network/redirect failures are sanitized (0.277729ms)
✔ malformed JSON fails closed (0.319763ms)
✔ API success must be explicit (0.233876ms)
✔ metadata body is size-limited (1.602676ms)
✔ output only whitelists storage identities from JSON binding replies (0.126336ms)
(node:13) ExperimentalWarning: `--experimental-loader` may be removed in the future; instead use `register()`:
--import 'data:text/javascript,import { register } from "node:module"; import { pathToFileURL } from "node:url"; register("./tests/support/ts-extension-loader.mjs", pathToFileURL("./")); register("./tests/support/ts-extension-loader.mjs", pathToFileURL("./"));'
(Use `node --trace-warnings ...` to show where the warning was created)
✔ array empty schedules allow resource comparison without permission to write (16.693825ms)
✔ array enabled cron blocks, with no returned cron/metadata value (4.080438ms)
✔ wrapped empty schedules allow resource comparison without permission to write (5.885096ms)
✔ wrapped enabled cron blocks, with no returned cron/metadata value (1.619584ms)
✔ array schedule change during audit cannot pass (1.907641ms)
✔ invalid schedule payload rejected: null (0.611106ms)
✔ invalid schedule payload rejected: {} (1.60245ms)
✔ invalid schedule payload rejected: {"schedules":null} (1.095614ms)
✔ invalid schedule payload rejected: {"schedules":"[]"} (2.065942ms)
✔ invalid schedule payload rejected: "[]" (2.267639ms)
✔ invalid schedule payload rejected: [null] (0.678406ms)
✔ invalid schedule payload rejected: [{}] (0.717264ms)
✔ invalid schedule payload rejected: [{"cron":1}] (2.275799ms)
✔ invalid schedule payload rejected: [{"cron":""}] (0.405025ms)
✔ invalid schedule payload rejected: [{"cron":"  "}] (0.590801ms)
✔ too many schedule rows are rejected (0.842949ms)
✔ /deployments must still use an object response (1.211169ms)
✔ /versions/11111111-1111-4111-8111-111111111111 must still use an object response (0.437978ms)
✔ a false success flag cannot pass even with valid schedules array (0.660226ms)
✔ discovery reads only deployment/list/deployment and does not select a test version (1.413103ms)
✔ discovery never exports authors, annotations, tokens or binding values (0.764644ms)
✔ discovery does not invent preview availability (1.855754ms)
✔ a listed newer version is not marked as serving unless deployed (8.674272ms)
✔ discovery drift is unverified (5.590407ms)
✔ invalid discovery inputs do not use the network (0.922121ms)
✔ invalid discovery inputs do not use the network (2.083644ms)
✔ invalid discovery inputs do not use the network (0.412272ms)
✔ invalid discovery metadata never creates a selection (4.494317ms)
✔ invalid discovery metadata never creates a selection (0.555191ms)
✔ invalid discovery metadata never creates a selection (0.641204ms)
✔ invalid discovery metadata never creates a selection (0.392001ms)
✔ invalid discovery metadata never creates a selection (0.444362ms)
✔ invalid discovery metadata never creates a selection (6.992743ms)
✔ unknown operation never makes a network call (0.213553ms)
✔ audit mode still requires a complete explicit UUID (0.179855ms)
✔ discovery API failure is sanitized (20.639694ms)
(node:14) ExperimentalWarning: `--experimental-loader` may be removed in the future; instead use `register()`:
--import 'data:text/javascript,import { register } from "node:module"; import { pathToFileURL } from "node:url"; register("./tests/support/ts-extension-loader.mjs", pathToFileURL("./")); register("./tests/support/ts-extension-loader.mjs", pathToFileURL("./"));'
(Use `node --trace-warnings ...` to show where the warning was created)
✔ uses only the separate test Worker/account/D1/R2 identities (2.28743ms)
✔ has no cron, custom routes, inheritance, build hook, assets, integration or credential bindings (0.333047ms)
✔ root serves only the bootstrap notice and no application or ad scripts (6.186467ms)
✔ health does not claim isolation, data access or publication approval (0.816435ms)
✔ rejects POST without using the environment (1.527311ms)
✔ rejects PUT without using the environment (6.882095ms)
✔ rejects PATCH without using the environment (2.307756ms)
✔ rejects DELETE without using the environment (0.64893ms)
✔ rejects OPTIONS without using the environment (2.054073ms)
✔ does not delegate /login to the production application (4.551754ms)
✔ does not delegate /api/publishers to the production application (0.699418ms)
✔ does not delegate /cdn/site/ads.js to the production application (0.892311ms)
✔ does not delegate /api/monitoring/send to the production application (0.457675ms)
✔ does not delegate /api/publishers/a/releases to the production application (0.567885ms)
✔ does not delegate /%61pi/publishers to the production application (0.354438ms)
✔ HEAD has no response body (0.385226ms)
✔ does not reflect URLs, credentials, request headers or query strings (0.411701ms)
✔ all responses have no-store, noindex, nosniff and restrictive CSP (0.837561ms)
✔ bootstrap performs no external fetch (1.678129ms)
(node:20) ExperimentalWarning: `--experimental-loader` may be removed in the future; instead use `register()`:
--import 'data:text/javascript,import { register } from "node:module"; import { pathToFileURL } from "node:url"; register("./tests/support/ts-extension-loader.mjs", pathToFileURL("./")); register("./tests/support/ts-extension-loader.mjs", pathToFileURL("./"));'
(Use `node --trace-warnings ...` to show where the warning was created)
✔ approved three test secrets and five public values pass without any legacy auth name (14.786935ms)
✔ metadata-only profile never grants remote writes or launch approval (23.139435ms)
✔ missing required TEST_ADMIN_EMAIL blocks (0.382129ms)
✔ missing required TEST_ADMIN_PASSWORD blocks (0.264184ms)
✔ missing required TEST_SESSION_SECRET blocks (0.213071ms)
✔ missing required TEST_WORKSPACE_ENABLED blocks (0.158757ms)
✔ missing required TEST_PUBLIC_ORIGIN blocks (0.249893ms)
✔ missing required TEST_WORKER_NAME blocks (0.141148ms)
✔ missing required TEST_DATABASE_ID blocks (0.315368ms)
✔ missing required TEST_BUCKET_NAME blocks (0.428251ms)
✔ TEST_ADMIN_EMAIL as plain_text does not count as a secret (0.53562ms)
✔ TEST_ADMIN_EMAIL as json does not count as a secret (0.367068ms)
✔ TEST_ADMIN_EMAIL as inherit does not count as a secret (0.151736ms)
✔ TEST_ADMIN_PASSWORD as plain_text does not count as a secret (0.110145ms)
✔ TEST_ADMIN_PASSWORD as json does not count as a secret (0.146614ms)
✔ TEST_ADMIN_PASSWORD as inherit does not count as a secret (0.128202ms)
✔ TEST_SESSION_SECRET as plain_text does not count as a secret (0.104486ms)
✔ TEST_SESSION_SECRET as json does not count as a secret (0.104412ms)
✔ TEST_SESSION_SECRET as inherit does not count as a secret (0.101649ms)
✔ TEST_WORKSPACE_ENABLED: wrong-value blocks (0.225078ms)
✔ TEST_WORKSPACE_ENABLED: secret_text blocks (0.250368ms)
✔ TEST_WORKSPACE_ENABLED: json blocks (0.214941ms)
✔ TEST_PUBLIC_ORIGIN: wrong-value blocks (0.312925ms)
✔ TEST_PUBLIC_ORIGIN: secret_text blocks (0.224588ms)
✔ TEST_PUBLIC_ORIGIN: json blocks (0.361518ms)
✔ TEST_WORKER_NAME: wrong-value blocks (0.181743ms)
✔ TEST_WORKER_NAME: secret_text blocks (0.163855ms)
✔ TEST_WORKER_NAME: json blocks (0.13888ms)
✔ TEST_DATABASE_ID: wrong-value blocks (0.157236ms)
✔ TEST_DATABASE_ID: secret_text blocks (2.050617ms)
✔ TEST_DATABASE_ID: json blocks (0.150098ms)
✔ TEST_BUCKET_NAME: wrong-value blocks (0.108298ms)
✔ TEST_BUCKET_NAME: secret_text blocks (0.142062ms)
✔ TEST_BUCKET_NAME: json blocks (0.245833ms)
✔ extra scalar TEST_CMS_TOKEN is still blocked and redacted (0.300177ms)
✔ extra scalar GMAIL_TOKEN_ENCRYPTION_KEY is still blocked and redacted (4.013763ms)
✔ extra scalar CLOUDFLARE_API_TOKEN is still blocked and redacted (0.156714ms)
✔ extra scalar ADMIN_EMAIL is still blocked and redacted (0.260892ms)
✔ extra scalar ADMIN_PASSWORD is still blocked and redacted (0.11996ms)
✔ extra scalar SESSION_SECRET is still blocked and redacted (0.133315ms)
✔ extra scalar __proto__ is still blocked and redacted (0.473375ms)
✔ extra scalar toString is still blocked and redacted (0.167005ms)
✔ extra assets cannot hide behind a valid workspace profile (0.188417ms)
✔ extra inherit cannot hide behind a valid workspace profile (0.092445ms)
✔ extra service cannot hide behind a valid workspace profile (0.079572ms)
✔ extra queue cannot hide behind a valid workspace profile (0.077281ms)
✔ extra kv_namespace cannot hide behind a valid workspace profile (0.12618ms)
✔ extra durable_object_namespace cannot hide behind a valid workspace profile (0.092182ms)
✔ extra workflow cannot hide behind a valid workspace profile (0.124209ms)
✔ TEST_ detects stricter profile; it never authorizes arbitrary prefixed bindings (0.141332ms)
✔ secret text/json/value getters are not touched, even for known secret names (0.545613ms)
✔ report contains no raw configuration names, unknown values, passwords or token (3.049911ms)
✔ different unreviewed non-production database does not satisfy the workspace profile (0.202709ms)
✔ different unreviewed non-production bucket does not satisfy the workspace profile (0.097324ms)
✔ workspace profile cannot excuse shared production storage (0.338475ms)
✔ duplicate binding names are still rejected before profile matching (0.977348ms)
✔ legacy resource-only bootstrap has no workspace/profile or credential assertion (0.194647ms)
✔ workspace accountId must be the reviewed identity (1.889292ms)
✔ workspace testWorker must be the reviewed identity (5.310839ms)
✔ requested historical workspace version not serving traffic is blocked (1.21238ms)
✔ requested workspace sharing traffic with another version is blocked (16.007312ms)
✔ test deployment drift during this workspace audit is unverified (1.901805ms)
✔ malformed test deployment is not treated as an active workspace (1.799334ms)
✔ workspace cron remains blocked (1.942091ms)
✔ workspace metadata read failure remains redacted and unverified (1.893759ms)
(node:52) ExperimentalWarning: `--experimental-loader` may be removed in the future; instead use `register()`:
--import 'data:text/javascript,import { register } from "node:module"; import { pathToFileURL } from "node:url"; register("./tests/support/ts-extension-loader.mjs", pathToFileURL("./")); register("./tests/support/ts-extension-loader.mjs", pathToFileURL("./"));'
(Use `node --trace-warnings ...` to show where the warning was created)
✔ source presets produce 26 positions; numbering, custom names and validation (13.907048ms)
✔ GET before setup has no writes or Google calls; credentials need configured encryption (6.460993ms)
✔ credentials stay encrypted, bound to network and absent from status (38.245953ms)
✔ preview has no GAM writes; explicit create stores real IDs and paths; replay is idempotent (14.585498ms)
✔ cross-origin, wrong actor, wrong network and expired review cannot create (10.767517ms)
✔ stale review refuses changed GAM data and fresh preview shows conflict (9.578138ms)
✔ partial/uncertain batch is marked unconfirmed; a new preview recovers without duplicating known rows (29.861989ms)
✔ concurrent execution of same review produces one mutation sequence (4.774485ms)
✔ custom templates persist, and saving them never contacts Google (2.221825ms)
✔ SOAP parsing preserves numeric-looking codes and escapes unsafe XML (10.661706ms)
✔ OAuth uses a signed short-lived assertion and a fixed token endpoint (70.514238ms)
(node:53) ExperimentalWarning: `--experimental-loader` may be removed in the future; instead use `register()`:
--import 'data:text/javascript,import { register } from "node:module"; import { pathToFileURL } from "node:url"; register("./tests/support/ts-extension-loader.mjs", pathToFileURL("./")); register("./tests/support/ts-extension-loader.mjs", pathToFileURL("./"));'
(Use `node --trace-warnings ...` to show where the warning was created)
✔ exact price granularity, order split and validation (9.521788ms)
✔ visible naming preview matches all script orders and server prices, with bounded creative volume (26.636498ms)
✔ review is read only; Prebid creates values, shared creative pool, targeting, sizes and links; replay reuses (118.497639ms)
✔ new advertiser and order, ordinary Standard goal/dates, no creatives (54.645155ms)
✔ lost response reconciles existing entities without a second mutation; missing response never blindly retries (50.79116ms)
✔ concurrent step, stale cursor and network lock permit one creation sequence (41.66025ms)
✔ conflicts and changed parents cannot write, ownership/origin/review confirmation are enforced (35.855528ms)
✔ changed creative and line item are rejected before attaching, existing order capacity checked (29.025551ms)
✔ wrong currency and inactive inventory fail before preview; existing creative can be attached (37.582876ms)
✔ full untouched script defaults create 2000 prices, 5 orders, 40000 creatives and 40000 links (206814.260612ms)
✔ cancellation racing a pre-write lookup wins without a later Google mutation (13.294782ms)
✔ default new Prebid plan matches script names, CPM and hb_pb, including a single order (29.001157ms)
✔ saved v1 shared-creative job and uncertain five-creative batch retain their mapping (15.225797ms)
✔ script discovery resolves exact advertiser, placement and email; missing or ambiguous choices never fall back (2.856686ms)
(node:64) ExperimentalWarning: `--experimental-loader` may be removed in the future; instead use `register()`:
--import 'data:text/javascript,import { register } from "node:module"; import { pathToFileURL } from "node:url"; register("./tests/support/ts-extension-loader.mjs", pathToFileURL("./")); register("./tests/support/ts-extension-loader.mjs", pathToFileURL("./"));'
(Use `node --trace-warnings ...` to show where the warning was created)
✔ TEST integration page and API require isolated host/session; read-only setup never touches GAM or D1 (69.924682ms)
(node:77) ExperimentalWarning: `--experimental-loader` may be removed in the future; instead use `register()`:
--import 'data:text/javascript,import { register } from "node:module"; import { pathToFileURL } from "node:url"; register("./tests/support/ts-extension-loader.mjs", pathToFileURL("./")); register("./tests/support/ts-extension-loader.mjs", pathToFileURL("./"));'
(Use `node --trace-warnings ...` to show where the warning was created)
✔ generate, list, retry and download keep one exact immutable package (5307.583395ms)
✔ unknown site, wrong GAM/domain, stale baseline and invalid settings cannot generate (5.680288ms)
✔ identity changes during compilation cannot register a package (3.806919ms)
✔ saved corruption cannot be downloaded or replaced; sites cannot read each other (3535.450877ms)
✔ earlier package delete requires exact confirmation and restores original bytes (4454.904883ms)
(node:96) ExperimentalWarning: `--experimental-loader` may be removed in the future; instead use `register()`:
--import 'data:text/javascript,import { register } from "node:module"; import { pathToFileURL } from "node:url"; register("./tests/support/ts-extension-loader.mjs", pathToFileURL("./")); register("./tests/support/ts-extension-loader.mjs", pathToFileURL("./"));'
(Use `node --trace-warnings ...` to show where the warning was created)
✔ TakeOver uses a real unit/map/override while source and saved snapshot stay separate (188.758158ms)
✔ old exact engine stays bundled and rejects new features rather than dropping them (0.78874ms)
✔ responsive modal rows cannot hide multiple sizes, fluid or pixel creatives (1.548425ms)
✔ position rules reject invalid timers, intervals and margins (0.277388ms)
✔ complete candidate records new settings and excludes the automatic modal container (783.59017ms)
(node:109) ExperimentalWarning: `--experimental-loader` may be removed in the future; instead use `register()`:
--import 'data:text/javascript,import { register } from "node:module"; import { pathToFileURL } from "node:url"; register("./tests/support/ts-extension-loader.mjs", pathToFileURL("./")); register("./tests/support/ts-extension-loader.mjs", pathToFileURL("./"));'
(Use `node --trace-warnings ...` to show where the warning was created)
✔ UI review is authenticated, GET-only, isolated and cannot access storage (35.13873ms)
✔ review includes real shared UI, frozen notes and no independent copy of the panel (1.548042ms)
(node:122) ExperimentalWarning: `--experimental-loader` may be removed in the future; instead use `register()`:
--import 'data:text/javascript,import { register } from "node:module"; import { pathToFileURL } from "node:url"; register("./tests/support/ts-extension-loader.mjs", pathToFileURL("./")); register("./tests/support/ts-extension-loader.mjs", pathToFileURL("./"));'
(Use `node --trace-warnings ...` to show where the warning was created)
✔ bundle returns a real ZIP and does not save any release or send requests (939.337818ms)
✔ GPT-only bundle never reads a Prebid artifact (730.151121ms)
✔ malformed and unacknowledged requests cause no datastore reads (4.529527ms)
✔ unknown runtime hash is rejected before storage (2.707503ms)
✔ a second tab changing settings refuses the old preview (3.992962ms)
✔ changed current build during read is rejected after generation (637.852687ms)
✔ Prebid byte corruption blocks bundle output (2.982358ms)
✔ an oversized artifact is not read into memory (3.67716ms)
✔ missing current Prebid build has an explicit action-needed error (2.909273ms)
✔ body over 24 KB is refused without reads (5.259264ms)
✔ GET and wrong content type do not generate a candidate (1.79016ms)
✔ unsupported size-map height is not silently omitted from bundle (7.267132ms)
(node:135) ExperimentalWarning: `--experimental-loader` may be removed in the future; instead use `register()`:
--import 'data:text/javascript,import { register } from "node:module"; import { pathToFileURL } from "node:url"; register("./tests/support/ts-extension-loader.mjs", pathToFileURL("./")); register("./tests/support/ts-extension-loader.mjs", pathToFileURL("./"));'
(Use `node --trace-warnings ...` to show where the warning was created)
✔ emits the full review file set, not a stored or published release (713.644395ms)
✔ all payload hashes and sizes are calculated from exact output bytes (726.77089ms)
✔ deterministic output at a pinned timestamp and configuration (984.300386ms)
✔ does not mutate site configuration or the supplied artifact (335.719914ms)
✔ pins runtime source, configuration and Prebid bytes independently (479.573761ms)
✔ both outputs parse and minified output is genuinely smaller (399.521869ms)
✔ declared minifier version matches the installed dependency (2.289377ms)
✔ a different runtime pin fails rather than upgrading silently (2.045337ms)
✔ a JavaScript syntax error fails without fallback to regex stripping (0.69278ms)
✔ string/comment markers and regular expressions preserve meaning (3.205236ms)
✔ multiline template strings are not line-trimmed by the minifier (2.72775ms)
✔ comment retention only affects readable source (199.052441ms)
✔ invalid output flag is not coerced to a hidden default (1.908836ms)
✔ same sticky CSS is injected and exported exactly (239.420782ms)
✔ missing sticky injection marker is an error not an unpatched output (0.484778ms)
✔ sticky never receives a placeholder min-height from its request-size map (501.311917ms)
✔ zero-height breakpoint resets previous reserved spacing (1.71542ms)
✔ fluid-only breakpoints do not inherit a numeric placeholder (0.494075ms)
✔ height-dependent breakpoints fail before emitting inconsistent runtime/CSS (2.786841ms)
✔ duplicate breakpoint widths are not silently reordered (5.898062ms)
✔ unsafe CSS identifiers are rejected and colon identifiers escaped (0.550901ms)
✔ explicit disabled Sticky emits no active stylesheet or phantom ID (619.9541ms)
✔ GPT-only bundle has neither Prebid payload nor HTML loader (717.582084ms)
✔ only normalized runtime settings enter the exported config (713.513194ms)
✔ unverified and cross-site Prebid input is not accepted (21.769261ms)
✔ artifact changed after checking fails the bundle (5.691052ms)
✔ mismatched module requirement set cannot reuse another review (2.910275ms)
✔ bundles reject unexpected Prebid bytes in GPT-only mode (3.422301ms)
✔ site names are escaped in the integration example (788.651023ms)
✔ integration example loads exactly one wrapper, keeps GPT and required Prebid (431.551623ms)
✔ unsupported per-slot overlays and top sticky still fail, not silently discarded (1.055491ms)
(node:152) ExperimentalWarning: `--experimental-loader` may be removed in the future; instead use `register()`:
--import 'data:text/javascript,import { register } from "node:module"; import { pathToFileURL } from "node:url"; register("./tests/support/ts-extension-loader.mjs", pathToFileURL("./")); register("./tests/support/ts-extension-loader.mjs", pathToFileURL("./"));'
(Use `node --trace-warnings ...` to show where the warning was created)
✔ browser assembles exact saved files including an 8 MiB Prebid, and rejects corruption before download (316.844931ms)
(node:165) ExperimentalWarning: `--experimental-loader` may be removed in the future; instead use `register()`:
--import 'data:text/javascript,import { register } from "node:module"; import { pathToFileURL } from "node:url"; register("./tests/support/ts-extension-loader.mjs", pathToFileURL("./")); register("./tests/support/ts-extension-loader.mjs", pathToFileURL("./"));'
(Use `node --trace-warnings ...` to show where the warning was created)
✔ real snapshot reader stays seven SELECTs by default (15.3752ms)
✔ real optional snapshot adds only a scoped current-build SELECT (2.826292ms)
✔ real generator adapter + snapshot reader verify artifact without writes (19.141155ms)
✔ real GPT-only normalization skips the artifact entirely (10.509726ms)
✔ real snapshot reader rejects a build change during R2 inspection (2.994987ms)
(node:178) ExperimentalWarning: `--experimental-loader` may be removed in the future; instead use `register()`:
--import 'data:text/javascript,import { register } from "node:module"; import { pathToFileURL } from "node:url"; register("./tests/support/ts-extension-loader.mjs", pathToFileURL("./")); register("./tests/support/ts-extension-loader.mjs", pathToFileURL("./"));'
(Use `node --trace-warnings ...` to show where the warning was created)
✔ vendored archive reproduces the previously verified readable module (22.741941ms)
✔ generated builder contains no Apps Script clock APIs (9.384302ms)
✔ bundled source identity is explicit Preview, not Stable (0.9195ms)
✔ no template upload or R2 profile is required to generate (56.429921ms)
✔ source preview is deterministic at an exact build timestamp (65.65201ms)
✔ preview keeps disabled ID5 and floors explicit (27.737881ms)
✔ TakeOver is separately generated and accepts zero auto-close (35.55956ms)
✔ TakeOver collision with regular ad units is rejected (2.537221ms)
✔ disabled sticky cannot inherit an automatic Sticky panel (30.735507ms)
✔ unsupported top sticky fails explicitly (0.8675ms)
✔ contextual consent mode is not silently reset (0.487433ms)
✔ per-slot lazy overlay is not silently dropped (0.699694ms)
✔ conditional mapping overlay is not silently dropped (0.51309ms)
✔ invalid size map and duplicate units fail (0.726469ms)
✔ unsafe config properties fail before merging (0.314032ms)
✔ review checksum detects settings changed in a second tab (16.567763ms)
✔ wrong runtime source pin never falls back (0.898471ms)
✔ GET reads current site and supplies an explicit review checksum (8.959874ms)
✔ POST returns generated source without any R2 or database mutation (55.235457ms)
✔ POST rejects stale snapshot (6.313394ms)
✔ POST rejects unknown source/template fields (1.617598ms)
✔ POST requires explicit preview consent (3.849501ms)
✔ POST rejects an out-of-date engine version (1.65202ms)
✔ POST reports malformed JSON (1.115318ms)
✔ no active ad units prevents generation (0.418692ms)
(node:191) ExperimentalWarning: `--experimental-loader` may be removed in the future; instead use `register()`:
--import 'data:text/javascript,import { register } from "node:module"; import { pathToFileURL } from "node:url"; register("./tests/support/ts-extension-loader.mjs", pathToFileURL("./")); register("./tests/support/ts-extension-loader.mjs", pathToFileURL("./"));'
(Use `node --trace-warnings ...` to show where the warning was created)
✔ HTML canonical redirect verifies original bytes with one same-origin hop (23.954977ms)
✔ HTML canonical exception rejects foreign destinations, extra hops, bad bytes and missing headers (40.482307ms)
✔ recovery rejects mismatched reviewed evidence and production context before network (3.716547ms)
✔ recovery reads exact original private/public bytes and reports only the original deployment with separate audit (43.308438ms)
✔ recovery stops before provider or success callback when original identity, bytes, branch or public proof differ (22.3714ms)
(node:204) ExperimentalWarning: `--experimental-loader` may be removed in the future; instead use `register()`:
--import 'data:text/javascript,import { register } from "node:module"; import { pathToFileURL } from "node:url"; register("./tests/support/ts-extension-loader.mjs", pathToFileURL("./")); register("./tests/support/ts-extension-loader.mjs", pathToFileURL("./"));'
(Use `node --trace-warnings ...` to show where the warning was created)
✔ setup is nonsecret, read-only until saved, preserves TEST DB and supports stale-tab protection (37.621003ms)
✔ shared Cloudflare secret preserves each publisher destination from save through dispatch (576.040403ms)
✔ concurrent publish requests dispatch only one exact pinned TEST package (720.208969ms)
✔ ambiguous dispatch remains locked; rejected dispatch is distinct and a fast claim is not overwritten (982.046119ms)
✔ runner claims once, authenticates bytes and binds results to the exact run and target (236.889697ms)
✔ independent verification confirms an uncertain deployment while preserving original identity and immutable audit (176.11104ms)
✔ restore redeploys every original byte and never regenerates the accepted package (423.39034ms)
✔ private transfer rejects tampering before provider access; verifies actual preview branch and public delivery (203.956491ms)
✔ delivery route uses TEST boundary plus cookie/Origin or the exact dedicated runner authorization (101.827894ms)
✔ new runner keeps legacy guards, validates workflow identity before secrets, and separates reporting from deployment (3.53664ms)
(node:217) ExperimentalWarning: `--experimental-loader` may be removed in the future; instead use `register()`:
--import 'data:text/javascript,import { register } from "node:module"; import { pathToFileURL } from "node:url"; register("./tests/support/ts-extension-loader.mjs", pathToFileURL("./")); register("./tests/support/ts-extension-loader.mjs", pathToFileURL("./"));'
(Use `node --trace-warnings ...` to show where the warning was created)
✔ settings are strict, canonical and do not silently clamp a ten-second interval (3.793077ms)
✔ preserve-schedule mode retains reviewed runtime behavior outside the new release guard (880.609245ms)
✔ manual refresh overrides conflicting inherited schedules and aligns mobile/sticky timers (1720.07786ms)
✔ either variant can enable the validated cache cap (350.016975ms)
✔ allocation boundaries, stop allocations and reversed cache arms select one matching script (154.22454ms)
✔ full packages are deterministic, pinned, minified and settings changes produce new releases (8472.197201ms)
(node:226) ExperimentalWarning: `--experimental-loader` may be removed in the future; instead use `register()`:
--import 'data:text/javascript,import { register } from "node:module"; import { pathToFileURL } from "node:url"; register("./tests/support/ts-extension-loader.mjs", pathToFileURL("./")); register("./tests/support/ts-extension-loader.mjs", pathToFileURL("./"));'
(Use `node --trace-warnings ...` to show where the warning was created)
✔ patches the named fallback for configured CMP value 100 (2.591538ms)
✔ patches the named fallback for configured CMP value 1500 (0.191475ms)
✔ patches the named fallback for configured CMP value 8000 (0.206659ms)
✔ patches the named fallback for configured CMP value 30000 (0.160464ms)
✔ does not guess an unknown expression (1.396471ms)
✔ does not patch a different timeout reason (0.232554ms)
✔ rejects ambiguous resolvers (0.138226ms)
✔ rejects an absent resolver boundary (0.159102ms)
✔ does not patch the same source twice (0.301069ms)
(node:235) ExperimentalWarning: `--experimental-loader` may be removed in the future; instead use `register()`:
--import 'data:text/javascript,import { register } from "node:module"; import { pathToFileURL } from "node:url"; register("./tests/support/ts-extension-loader.mjs", pathToFileURL("./")); register("./tests/support/ts-extension-loader.mjs", pathToFileURL("./"));'
(Use `node --trace-warnings ...` to show where the warning was created)
✔ registers one immutable draft in the EXISTING releases table with exact byte roundtrip (88.651573ms)
✔ does not change the site configuration, current release or any channel (108.112863ms)
✔ repeated save of the same package is idempotent, including note/actor provenance (61.192791ms)
✔ two simultaneous saves register exactly one release and one audit row (29.173003ms)
✔ a second package does not modify the first one (538.152898ms)
✔ GPT-only saves nine files and no Prebid key/pin (34.170308ms)
✔ another site cannot read a saved package or cause an R2 read (13.119632ms)
✔ package for another site is rejected before SQL or R2 writes (3.394452ms)
✔ invalid site ID ../test-site (3.009137ms)
✔ invalid site ID test-site/other (3.041176ms)
✔ invalid site ID  (3.010893ms)
✔ invalid site ID undefined (3.100487ms)
✔ explicit isolated-store guard prevents implicit production bindings (0.243089ms)
✔ requires a primary sequential D1 session (1.821414ms)
✔ an invalid actor/note never writes a reservation (2.208698ms)
✔ missing site never uploads anything (8.046658ms)
✔ extra filenames and traversal paths are rejected (3.499942ms)
✔ missing file is not accepted as a smaller valid release (4.591848ms)
✔ checks serialized manifest instead of a mutable manifest property (14.624888ms)
✔ mutated output bytes cannot reuse an old manifest (5.768511ms)
✔ mismatched runtime/config pin is rejected even with updated file hash (4.762334ms)
✔ a Prebid pin cannot be silently dropped (3.880201ms)
✔ input byte arrays are defensively copied before async work (14.895399ms)
✔ failed R2 write leaves a recoverable intent and no visible release (24.037093ms)
✔ lost reservation response can be retried without duplicate intent (22.6362ms)
✔ SQL failure before commit retains files and retries safely (36.295568ms)
✔ lost SQL success response NEVER deletes a successfully committed package (46.883701ms)
✔ audit failure rolls registration/state back atomically (32.555594ms)
✔ a conflicting registered record is rejected; no silent overwrite (14.016858ms)
✔ stored corrupted bytes are not overwritten by a repeated save (11.75274ms)
✔ missing bytes in a ready draft are not silently regenerated (12.938963ms)
✔ R2 read failure does not delete or replace any package (14.886896ms)
✔ read path uses only SELECTs, and does not regenerate latest source (21.295059ms)
✔ descriptor path traversal cannot read another object (13.165464ms)
✔ generic release metadata changes are not accepted as the saved draft (15.079043ms)
✔ audit contains identities/counts but never full configuration or JS (21.414286ms)
✔ reserved draft guard covers both identifier and version without blocking legacy releases (0.381413ms)
(node:248) ExperimentalWarning: `--experimental-loader` may be removed in the future; instead use `register()`:
--import 'data:text/javascript,import { register } from "node:module"; import { pathToFileURL } from "node:url"; register("./tests/support/ts-extension-loader.mjs", pathToFileURL("./")); register("./tests/support/ts-extension-loader.mjs", pathToFileURL("./"));'
(Use `node --trace-warnings ...` to show where the warning was created)
✔ inspect does not infer executions from tags and strips URL credentials/query/fragments (4.669634ms)
✔ inspect preserves assignment, duplicate counts and timeline without collecting consent or user IDs (1.431321ms)
✔ old or missing instrumentation remains unknown and inspect tolerates unavailable clipboard (2.006035ms)
✔ new runtime evidence exposes entry counts and separate GPT outcomes without implying total execution count (2.21408ms)
✔ measurement inspector exposes bounded reporting labels without claiming revenue (1.267599ms)
✔ collection diagnostics expose acknowledgements without signed tickets or page IDs (1.135804ms)
✔ cache inspect exposes decisions and age but never bids, consent strings or arbitrary errors (1.490536ms)
✔ static delivery and readiness use allowlisted fields and preserve uncertainty (3.833409ms)
✔ unavailable readiness observer does not break the existing debug command (0.906604ms)
✔ full cache package exposes targeting, fallback and rejection counters without running ad APIs (1.502602ms)
✔ fresh-only A, waiting B and unavailable instrumentation are distinct (4.517888ms)
✔ embedded cache snapshot is used when the standalone API is absent (1.037188ms)
✔ unreadable cache instrumentation does not prevent remaining page diagnostics (1.094578ms)
✔ static slot report is bounded and does not expose arbitrary targeting (0.953391ms)
✔ configured refresh diagnostics expose bounded settings without confusing baseline with zero (10.433321ms)
(node:257) ExperimentalWarning: `--experimental-loader` may be removed in the future; instead use `register()`:
--import 'data:text/javascript,import { register } from "node:module"; import { pathToFileURL } from "node:url"; register("./tests/support/ts-extension-loader.mjs", pathToFileURL("./")); register("./tests/support/ts-extension-loader.mjs", pathToFileURL("./"));'
(Use `node --trace-warnings ...` to show where the warning was created)
✔ pin stores exact version, bundle hash and schema without channel alias (2.265897ms)
✔ stable descriptor and pin are immutable copies (0.888968ms)
✔ preview selection is explicit (0.346646ms)
✔ an already selected preview remains pinned when promoted to stable (0.511382ms)
✔ latest/stable/range aliases cannot become exact version pins (0.803628ms)
✔ changing default stable does not upgrade an existing pin (0.366341ms)
✔ reusing version name with different bundled code is rejected (0.293943ms)
✔ schema mismatch is rejected (0.306157ms)
✔ missing advanced capabilities are not silently dropped (0.386189ms)
✔ capability declarations cannot drift for the same pin (0.445656ms)
✔ malformed hashes, capabilities and versions fail validation (0.304051ms)
✔ timestamp is supplied explicitly and is calendar-valid (1.277705ms)
✔ extractor refuses source that is not the approved reference (0.812369ms)
(node:266) ExperimentalWarning: `--experimental-loader` may be removed in the future; instead use `register()`:
--import 'data:text/javascript,import { register } from "node:module"; import { pathToFileURL } from "node:url"; register("./tests/support/ts-extension-loader.mjs", pathToFileURL("./")); register("./tests/support/ts-extension-loader.mjs", pathToFileURL("./"));'
(Use `node --trace-warnings ...` to show where the warning was created)
✔ TCF listener tracks changes, UI, errors, API replacement and page/viewport changes without exporting consent (13.069328ms)
✔ targeting is deferred until render, then exactly one request preserves non-Prebid keys (16.723349ms)
✔ failsafe submits clean GAM once; late bids cannot cause targeting or reenter the cache (1.172148ms)
✔ CMP change, replaced slot and overwritten preset settings cannot submit ready old bids (1.342285ms)
✔ duplicate pending auction and teardown are bounded and do not run another bidder call (0.835702ms)
✔ page return invalidates prepared targeting, then the next owned auction recovers (0.870824ms)
✔ replaced CMP ignores queued old callbacks and teardown unregisters only owned listeners (0.438946ms)
✔ many lifecycle auctions bound state and timers; teardown prevents pending callbacks from submitting (37.924717ms)
✔ CMP abort callback without auctionInit preserves one clean GAM fallback and no cache targeting (1.802773ms)
(node:275) ExperimentalWarning: `--experimental-loader` may be removed in the future; instead use `register()`:
--import 'data:text/javascript,import { register } from "node:module"; import { pathToFileURL } from "node:url"; register("./tests/support/ts-extension-loader.mjs", pathToFileURL("./")); register("./tests/support/ts-extension-loader.mjs", pathToFileURL("./"));'
(Use `node --trace-warnings ...` to show where the warning was created)
✔ cache eligibility is limited to tracked page/slot/context, banner size and bid lifetime (3.499583ms)
✔ native targeting marks submitted bids, clears only hb keys and blocks a second submission in the same auction (2.017624ms)
✔ consent/size changes during an auction and overwritten configuration fail closed (0.897149ms)
✔ bounded tracking, explicit fresh-only mode and teardown cannot silently turn caching on (4.061372ms)
✔ submitted-ID capacity disables cached reuse rather than forgetting consumed offers (564.661973ms)
✔ targeting failures expose a bounded stage without logging raw errors or bid data (3.79633ms)
✔ mixed layout retains fresh 1x1 but never reuses it, and keeps numeric banner caching (0.368687ms)
(node:284) ExperimentalWarning: `--experimental-loader` may be removed in the future; instead use `register()`:
--import 'data:text/javascript,import { register } from "node:module"; import { pathToFileURL } from "node:url"; register("./tests/support/ts-extension-loader.mjs", pathToFileURL("./")); register("./tests/support/ts-extension-loader.mjs", pathToFileURL("./"));'
(Use `node --trace-warnings ...` to show where the warning was created)
✔ missing rules use built-in ATF/BTF defaults, not an invented Disabled value (3.110464ms)
✔ display overrides and null inheritance agree with the actual compiler and browser resolver (4.914753ms)
✔ GAM-only lazy loading shows the GAM threshold without an imaginary Prebid auction (0.743258ms)
✔ TakeOver uses its own request flow even when group rules specify lazy loading (0.985161ms)
✔ disabled units and unresolved runtime settings are not presented as active defaults (3.66121ms)
✔ read-only descriptions retain all saved settings and normalized compiler inputs (1.820082ms)
(node:292) ExperimentalWarning: `--experimental-loader` may be removed in the future; instead use `register()`:
--import 'data:text/javascript,import { register } from "node:module"; import { pathToFileURL } from "node:url"; register("./tests/support/ts-extension-loader.mjs", pathToFileURL("./")); register("./tests/support/ts-extension-loader.mjs", pathToFileURL("./"));'
(Use `node --trace-warnings ...` to show where the warning was created)
✔ legacy read is side-effect free; agencies and logos persist; publisher moves preserve site settings and release bytes (45.619117ms)
✔ stale updates and assignments cannot overwrite; deleted and recreated publisher does not inherit old agency (15.455206ms)
✔ invalid input, missing login, cross-origin, duplicate names and unsupported methods are rejected (10.106902ms)
✔ agency mutation and audit commit atomically (4.143899ms)
✔ TEST accepts only the exact complete optional agency extension and retains all original guards (27.046268ms)
✔ TEST HTTP stays isolated and authenticated; real create/assign/reload works without runtime changes (59.479125ms)
(node:302) ExperimentalWarning: `--experimental-loader` may be removed in the future; instead use `register()`:
--import 'data:text/javascript,import { register } from "node:module"; import { pathToFileURL } from "node:url"; register("./tests/support/ts-extension-loader.mjs", pathToFileURL("./")); register("./tests/support/ts-extension-loader.mjs", pathToFileURL("./"));'
(Use `node --trace-warnings ...` to show where the warning was created)
✔ AdX-only accepts its exact disabled artifact and rejects inconsistent modes or substituted code (18.091877ms)
✔ legacy package accepts the uploader maximum of 20 MiB before and after delivery (153.528736ms)
✔ legacy files beyond the upload size limit are refused before downloading (0.924912ms)
✔ legacy deployment validates the private manifest, all eight assets and Prebid metadata without execution (9.402895ms)
✔ older legacy package without sticky remains valid when the manifest omits it (1.019053ms)
✔ rejects callback host before credentials or network (0.539274ms)
✔ rejects source redirect URL before credentials or network (0.294626ms)
✔ rejects token secret substitution before credentials or network (0.269353ms)
✔ rejects shell characters before credentials or network (0.305483ms)
✔ rejects production from TEST ref before credentials or network (0.603539ms)
✔ rejects source traversal before credentials or network (0.38083ms)
✔ rejects missing manifest pin before credentials or network (0.174411ms)
✔ rejects built-in public bypass before credentials or network (0.114216ms)
✔ rejects unexpected account before credentials or network (0.087646ms)
✔ rejects project argument injection before credentials or network (0.136864ms)
✔ refuses package with changed bytes (0.421018ms)
✔ refuses package with missing file (0.285138ms)
✔ refuses package with extra file (1.583072ms)
✔ refuses package with foreign release (0.946939ms)
✔ refuses package with unsafe inventory path (0.233326ms)
✔ refuses package with manifest size (0.784348ms)
✔ refuses package with wrong config identity (0.518713ms)
✔ refuses package with header/manifest version drift (0.365999ms)
✔ built-in verification reuses exact stored identity but does not authorize legacy delivery (542.960238ms)
✔ actual Cloudflare project decides which branch is production (2.173282ms)
✔ missing token and wrong provider project cannot proceed (0.925536ms)
✔ bounded reads reject redirects, HTTP failures and advertised/streamed oversized responses (2.000886ms)
✔ public verification checks exact deployment hostname, bytes, content types, CORS and cache (3.151863ms)
✔ private pin rejects a missing, corrupted or foreign source before dispatch (2.013877ms)
✔ actual dispatch carries a checksum from private R2 and never dispatches on mismatch (6.617385ms)
✔ a completed deployment is retained when verification fails, and notification result cannot change it (0.491235ms)
✔ workflow separates deployment, verification and status retries and never uploads package bytes (2.026453ms)
(node:319) ExperimentalWarning: `--experimental-loader` may be removed in the future; instead use `register()`:
--import 'data:text/javascript,import { register } from "node:module"; import { pathToFileURL } from "node:url"; register("./tests/support/ts-extension-loader.mjs", pathToFileURL("./")); register("./tests/support/ts-extension-loader.mjs", pathToFileURL("./"));'
(Use `node --trace-warnings ...` to show where the warning was created)
✔ uses normalized bidder requirements and CMP modules (1.841318ms)
✔ requires explicit normalized input rather than guessed settings (0.51284ms)
✔ explicitly disabled floors/currency do not add unused modules (0.272928ms)
✔ floors and currency add modules when enabled (0.131903ms)
✔ User IDs add the userId core and exact known system module (0.582592ms)
✔ an explicit custom User ID module code is usable (0.258366ms)
✔ wrong explicit known User ID mapping is not accepted (0.278302ms)
✔ unknown bidder cannot produce a false checked result (12.61476ms)
✔ Object prototype names are not module mappings (0.589893ms)
✔ GPT-only mode never touches R2 (1.304612ms)
✔ checks bytes and declarations without executing source or calling the network (1.215658ms)
✔ requires exactly one current build (0) (3.414625ms)
✔ requires exactly one current build (2) (0.946432ms)
✔ rejects wrong publisher_id before storage access (0.631086ms)
✔ rejects wrong status before storage access (0.43425ms)
✔ rejects a foreign file path without reading R2 (0.816965ms)
✔ does not use arbitrary remote file_url values (3.265157ms)
✔ missing adapter is explicitly listed (1.290769ms)
✔ metadata module list cannot disagree with the actual file header (0.659543ms)
✔ checks the full file checksum (0.638328ms)
✔ missing upload checksum blocks verification before body read (0.637001ms)
✔ version mismatch is not accepted (0.702863ms)
✔ HTML stored as JS cannot pass (1.00539ms)
✔ unreadable UTF-8 fails explicitly (1.564924ms)
✔ invalid R2 object size 0 is not downloaded (0.485437ms)
✔ invalid R2 object size 20971521 is not downloaded (0.298411ms)
✔ a body/size mismatch is rejected (0.481458ms)
✔ missing R2 file is reported (0.422408ms)
✔ R2 failure does not expose internal key/error details (1.298156ms)
✔ invalid modules metadata is not silently treated as empty (1.198663ms)
✔ module names in header must be plain identifiers (0.268443ms)
(node:332) ExperimentalWarning: `--experimental-loader` may be removed in the future; instead use `register()`:
--import 'data:text/javascript,import { register } from "node:module"; import { pathToFileURL } from "node:url"; register("./tests/support/ts-extension-loader.mjs", pathToFileURL("./")); register("./tests/support/ts-extension-loader.mjs", pathToFileURL("./"));'
(Use `node --trace-warnings ...` to show where the warning was created)
✔ GPT-only preflight performs two stable reads and no R2 access (12.48029ms)
✔ missing review token fails before reading any saved settings (1.115724ms)
✔ changed runtime source is refused (1.201688ms)
✔ configuration changed in another tab is refused before R2 (1.321737ms)
✔ build change during inspection cannot return a stale report (1.723315ms)
✔ different site from reader fails closed (1.265769ms)
✔ unsupported mutations do not reach storage (2.155505ms)
✔ underlying failures are sanitized (1.863636ms)
(node:345) ExperimentalWarning: `--experimental-loader` may be removed in the future; instead use `register()`:
--import 'data:text/javascript,import { register } from "node:module"; import { pathToFileURL } from "node:url"; register("./tests/support/ts-extension-loader.mjs", pathToFileURL("./")); register("./tests/support/ts-extension-loader.mjs", pathToFileURL("./"));'
(Use `node --trace-warnings ...` to show where the warning was created)
✔ publisher layout exposes exact minified ads.js and original Prebid while retaining all source bytes (24.430205ms)
✔ old rows retain their full archive and no-store headers instead of acquiring the new layout (5.58555ms)
✔ new delivery of the same source is publishable and restore reinstates the exact historical layout (405.169259ms)
✔ publisher verification checks immutable and stable preview URLs, conditional cache, and excluded-file absence (24.569315ms)
✔ runner keeps the original private ZIP while selecting the reviewed public layout before deployment (104.949456ms)
(node:358) ExperimentalWarning: `--experimental-loader` may be removed in the future; instead use `register()`:
--import 'data:text/javascript,import { register } from "node:module"; import { pathToFileURL } from "node:url"; register("./tests/support/ts-extension-loader.mjs", pathToFileURL("./")); register("./tests/support/ts-extension-loader.mjs", pathToFileURL("./"));'
(Use `node --trace-warnings ...` to show where the warning was created)
✔ maps normalized compiler values to reference settings without an uploaded template (3.917223ms)
✔ does not mutate or retain references to caller configuration (0.572617ms)
✔ keeps floor controls and bidder floors distinct (1.886677ms)
✔ disabled floors clear every enforcement value in generated settings (0.496457ms)
✔ maps TakeOver sizes, paths and separate timers (0.389602ms)
✔ disabled and zero-auto-close TakeOver options remain explicit (0.443413ms)
✔ GPT-only mode does not erase configured bidders (0.320235ms)
✔ never inherits the reference publisher ID5 account (1.157763ms)
✔ accepts dots in valid GAM paths (0.547826ms)
✔ preserves ranges, defaults, overrides, targeting and schain (1.554019ms)
✔ does not discard empty size-map breakpoints or fluid sizes (0.32431ms)
✔ rejects raw template rather than silently changing behavior (0.553796ms)
✔ rejects GEO activation rather than silently changing behavior (0.191683ms)
✔ rejects top sticky no-op rather than silently changing behavior (0.293418ms)
✔ rejects missing sticky slot rather than silently changing behavior (2.942156ms)
✔ rejects implicit floor rather than silently changing behavior (0.401579ms)
✔ rejects HTTP currency URL rather than silently changing behavior (0.289193ms)
✔ rejects credentials in URL rather than silently changing behavior (0.229826ms)
✔ rejects undefined values rather than silently changing behavior (0.209381ms)
✔ rejects non-finite timeout rather than silently changing behavior (0.249254ms)
✔ rejects function-valued config rather than silently changing behavior (0.139301ms)
✔ rejects prototype key rather than silently changing behavior (0.166618ms)
✔ rejects silent downgrade rather than silently changing behavior (0.268994ms)
✔ rejects bad metadata ID rather than silently changing behavior (0.156562ms)
✔ rejects unknown schedule rather than silently changing behavior (0.249006ms)
✔ rejects empty sequence rather than silently changing behavior (0.250661ms)
✔ rejects string boolean rather than silently changing behavior (0.245672ms)
✔ rejects relative fallback path rather than silently changing behavior (0.380549ms)
✔ rejects missing userIds rather than silently changing behavior (0.2949ms)
✔ trusted dependency requirement is explicit (0.314594ms)
(node:367) ExperimentalWarning: `--experimental-loader` may be removed in the future; instead use `register()`:
--import 'data:text/javascript,import { register } from "node:module"; import { pathToFileURL } from "node:url"; register("./tests/support/ts-extension-loader.mjs", pathToFileURL("./")); register("./tests/support/ts-extension-loader.mjs", pathToFileURL("./"));'
(Use `node --trace-warnings ...` to show where the warning was created)
✔ historical register can be initialized and retained unchanged (3.9714ms)
✔ a new version can be prepended without rewriting history (0.597475ms)
✔ removing, editing or reordering an old release fails the build check (3.996587ms)
✔ new code cannot reuse an existing version number (0.937463ms)
✔ new releases require notes, exact identity and newest-first order (2.351355ms)
✔ an undocumented source change blocks runtime preparation (0.417627ms)
✔ recorded commit must exist and reproduce its declared source checksum (13.85776ms)
(node:376) ExperimentalWarning: `--experimental-loader` may be removed in the future; instead use `register()`:
--import 'data:text/javascript,import { register } from "node:module"; import { pathToFileURL } from "node:url"; register("./tests/support/ts-extension-loader.mjs", pathToFileURL("./")); register("./tests/support/ts-extension-loader.mjs", pathToFileURL("./"));'
(Use `node --trace-warnings ...` to show where the warning was created)
✔ atomic TEST selection updates only the configuration and audit, clearing stale config hash (7.239921ms)
✔ unchanged settings still compare the full snapshot without a duplicate audit or timestamp update (1.635977ms)
✔ two clients with the same reviewed state cannot overwrite each other (2.208957ms)
✔ a changed site name between validation and transaction aborts before the update (1.896468ms)
✔ a changed site domain between validation and transaction aborts before the update (1.466033ms)
✔ a changed GAM path between validation and transaction aborts before the update (1.258682ms)
✔ a changed configuration between validation and transaction aborts before the update (1.187808ms)
✔ a changed unit sizes between validation and transaction aborts before the update (1.160922ms)
✔ a changed unit enabled between validation and transaction aborts before the update (1.171542ms)
✔ a changed unit ordering between validation and transaction aborts before the update (1.156533ms)
✔ a changed unit addition between validation and transaction aborts before the update (1.131404ms)
✔ a changed unit deletion between validation and transaction aborts before the update (1.66111ms)
✔ a changed bidder between validation and transaction aborts before the update (2.609844ms)
✔ a changed override between validation and transaction aborts before the update (1.22822ms)
✔ a changed size map between validation and transaction aborts before the update (1.048501ms)
✔ a changed map addition between validation and transaction aborts before the update (1.030664ms)
✔ a changed rule between validation and transaction aborts before the update (0.940479ms)
✔ a changed current Prebid between validation and transaction aborts before the update (0.924896ms)
✔ even a no-change proposal refuses a stale map snapshot (1.097061ms)
✔ an unrelated site cannot cause or receive this update (1.435732ms)
✔ archived Prebid metadata does not alter the current-build projection (1.365918ms)
✔ more than one current build appearing during a race is caught (1.167674ms)
✔ failure at transaction statement 0 rolls back configuration and audit together (0.978465ms)
✔ failure at transaction statement 1 rolls back configuration and audit together (0.969733ms)
✔ failure at transaction statement 2 rolls back configuration and audit together (0.935522ms)
✔ failure at transaction statement 3 rolls back configuration and audit together (1.135567ms)
✔ failure at transaction statement 4 rolls back configuration and audit together (1.104409ms)
✔ lost response AFTER commit reports uncertainty without undoing a successful selection (1.463832ms)
✔ JSON comparisons preserve Unicode, quotes, backslashes and null values (1.133904ms)
✔ SQL-looking values stay bound data rather than becoming query text (1.331916ms)
✔ row object property ordering is not a spurious conflict (0.992417ms)
✔ incomplete or out-of-scope snapshot is refused before a transaction (0.801781ms)
✔ incomplete or out-of-scope snapshot is refused before a transaction (0.900845ms)
✔ incomplete or out-of-scope snapshot is refused before a transaction (0.856086ms)
✔ incomplete or out-of-scope snapshot is refused before a transaction (1.082951ms)
✔ incomplete or out-of-scope snapshot is refused before a transaction (0.744391ms)
✔ incomplete or out-of-scope snapshot is refused before a transaction (0.882937ms)
✔ getter properties are not executed when reading reviewed rows (0.773245ms)
✔ caller mutation after the first await cannot alter SQL bindings (1.038925ms)
✔ Prebid enablement is outside this first test writer scope (1.106188ms)
✔ missing explicit isolated-store marker is refused (0.813992ms)
✔ oversized or missing actor cannot enter the write transaction (1.978337ms)
(node:384) ExperimentalWarning: `--experimental-loader` may be removed in the future; instead use `register()`:
--import 'data:text/javascript,import { register } from "node:module"; import { pathToFileURL } from "node:url"; register("./tests/support/ts-extension-loader.mjs", pathToFileURL("./")); register("./tests/support/ts-extension-loader.mjs", pathToFileURL("./"));'
(Use `node --trace-warnings ...` to show where the warning was created)
✔ standalone named versions are deterministic and never apply Variant targeting (2156.338988ms)
✔ A/B and A/A packages reuse exact saved runtime bytes and matching names (171.946653ms)
✔ new names/settings are new immutable versions; earlier tests remain unchanged (1623.534618ms)
✔ names, settings, foreign baselines and corrupted archives are rejected (24.753975ms)
(node:394) ExperimentalWarning: `--experimental-loader` may be removed in the future; instead use `register()`:
--import 'data:text/javascript,import { register } from "node:module"; import { pathToFileURL } from "node:url"; register("./tests/support/ts-extension-loader.mjs", pathToFileURL("./")); register("./tests/support/ts-extension-loader.mjs", pathToFileURL("./"));'
(Use `node --trace-warnings ...` to show where the warning was created)
✔ named standalone versions and tests persist original bytes and references (2611.028547ms)
✔ invalid fields, stale site revisions and incompatible sites cannot write (3.229485ms)
✔ corrupt saved script is neither downloadable nor usable by a new test (1627.267645ms)
✔ identity changes during compilation cannot register a named script (1.736965ms)
✔ confirmed deletion is recoverable and saved tests keep exact script copies (1569.143783ms)
✔ Demand settings own new versions; stale requests and client overrides cannot change them (1560.558826ms)
✔ a Demand change during compilation cannot register a script under stale settings (1.745294ms)
(node:403) ExperimentalWarning: `--experimental-loader` may be removed in the future; instead use `register()`:
--import 'data:text/javascript,import { register } from "node:module"; import { pathToFileURL } from "node:url"; register("./tests/support/ts-extension-loader.mjs", pathToFileURL("./")); register("./tests/support/ts-extension-loader.mjs", pathToFileURL("./"));'
(Use `node --trace-warnings ...` to show where the warning was created)
✔ a 14-size mobile InText map survives TEST save and reload without trimming (68.63946ms)
✔ size lists remain bounded at 32 and an oversized list cannot save (13.312297ms)
✔ custom TakeOver cannot share its Interstitial fallback with a regular position (4.808153ms)
✔ TakeOver rejects invalid enabled (3.916362ms)
✔ TakeOver rejects empty code (3.754887ms)
✔ TakeOver rejects unsafe code (6.877717ms)
✔ TakeOver rejects fallback collision (4.224416ms)
✔ TakeOver rejects position collision (3.877704ms)
✔ TakeOver rejects bad desktop width (3.635781ms)
✔ TakeOver rejects zero size (3.193888ms)
✔ TakeOver rejects invalid size (3.54243ms)
✔ TakeOver rejects negative timer (3.246035ms)
✔ TakeOver rejects too long timer (3.482596ms)
✔ TakeOver rejects invalid countdown (2.970319ms)
✔ TakeOver rejects unknown option (3.568012ms)
✔ invalid persisted TakeOver is reported without replacing it with defaults (6.142953ms)
✔ site draft is a strict editable projection, not raw saved configuration (3.363775ms)
✔ full draft edits save atomically without overwriting non-editor fields (10.826177ms)
✔ site edit does not alter existing notes or record IDs for retained rows (9.21689ms)
✔ repeat save of the same normalized draft is a no-op (13.174636ms)
✔ deleting one position and an unused map touches only that TEST copy (8.93412ms)
✔ size maps preserve deliberately empty mobile sizes and fluid sizes (6.590809ms)
✔ edited site is accepted only with a saved runtime and explicit TEST draft marker (4.335746ms)
✔ new draft requires an explicitly saved script version (5.587472ms)
✔ unsupported height-based maps cannot be silently converted (3.551044ms)
✔ removing a position with saved per-position rules is rejected (4.375356ms)
✔ rejects extra root (3.098242ms)
✔ rejects extra site (2.720694ms)
✔ rejects URL domain (3.860998ms)
✔ rejects port domain (3.524868ms)
✔ rejects domain script (3.454907ms)
✔ rejects empty name (2.652427ms)
✔ rejects path traversal (2.567877ms)
✔ rejects path query (2.311969ms)
✔ rejects network ID (3.846637ms)
✔ rejects duplicate position (4.71087ms)
✔ rejects unsafe ID (3.709785ms)
✔ rejects prototype ID (2.508788ms)
✔ rejects TakeOver as position (2.526518ms)
✔ rejects bad type (2.360466ms)
✔ rejects bad enabled (2.554182ms)
✔ rejects missing map (3.378119ms)
✔ rejects all disabled (4.534307ms)
✔ rejects missing sticky (3.627551ms)
✔ rejects duplicate map (3.572573ms)
✔ rejects duplicate width (7.282927ms)
✔ rejects missing base (12.133948ms)
✔ rejects bad width (4.126551ms)
✔ rejects fractional size (7.376675ms)
✔ rejects zero size (5.018068ms)
✔ rejects duplicate size (3.559727ms)
✔ rejects all sizes empty (3.793144ms)
✔ rejects too many units (4.302521ms)
✔ atomic stale name prevents overwriting newer edits (41.455553ms)
✔ atomic stale config prevents overwriting newer edits (29.459961ms)
✔ atomic stale unit prevents overwriting newer edits (12.087803ms)
✔ atomic stale map prevents overwriting newer edits (10.174229ms)
✔ atomic stale rule prevents overwriting newer edits (9.821374ms)
✔ atomic stale bidder prevents overwriting newer edits (7.838917ms)
✔ atomic stale build prevents overwriting newer edits (8.457831ms)
✔ two simultaneous drafts cannot overwrite each other (6.845348ms)
✔ a stale runtime selection cannot overwrite new positions (7.331226ms)
✔ failure at write statement 0 rolls the whole draft back (7.916737ms)
✔ failure at write statement 1 rolls the whole draft back (5.121109ms)
✔ failure at write statement 2 rolls the whole draft back (4.647251ms)
✔ failure at write statement 3 rolls the whole draft back (5.906686ms)
✔ failure at write statement 4 rolls the whole draft back (4.721525ms)
✔ failure at write statement 5 rolls the whole draft back (4.371113ms)
✔ failure at write statement 6 rolls the whole draft back (10.313867ms)
✔ failure at write statement 7 rolls the whole draft back (8.2238ms)
✔ failure at write statement 8 rolls the whole draft back (5.36491ms)
✔ failure at write statement 9 rolls the whole draft back (4.701869ms)
✔ lost commit response is recovered by reload without duplicate audit (6.89739ms)
✔ source/snapshot mutation after first await cannot change the proposal (4.341676ms)
✔ 100 positions and 32 maps still use a constant 10-statement transaction (8.01239ms)
✔ null sticky selection remains OFF instead of inheriting the Sticky unit (6.084306ms)
(node:409) ExperimentalWarning: `--experimental-loader` may be removed in the future; instead use `register()`:
--import 'data:text/javascript,import { register } from "node:module"; import { pathToFileURL } from "node:url"; register("./tests/support/ts-extension-loader.mjs", pathToFileURL("./")); register("./tests/support/ts-extension-loader.mjs", pathToFileURL("./"));'
(Use `node --trace-warnings ...` to show where the warning was created)
✔ release setup explains the missing file before version selection and keeps saved packages accessible (646.837064ms)
✔ built-in Generate stores original package; channels and rollback reuse its exact bytes (847.947855ms)
✔ corrupt files and cross-site IDs cannot publish; concurrent channel changes are rejected (436.151887ms)
✔ snapshot change during upload cannot register a release or audit (460.092732ms)
✔ complete Prebid package keeps the uploaded file and passes Pages source verification (487.838594ms)
✔ download errors keep the JSON API contract (14.383525ms)
✔ compact delivery verifies one or two public scripts and keeps the source manifest pin (354.252345ms)
✔ registered draft source URLs support preview jobs and read only the requested artifact (333.285978ms)
✔ channel lookup failure preserves legacy fallback but immutable built-in failures remain closed (0.953553ms)
✔ monitoring follows the immutable production package after publishing and rollback (853.47287ms)
✔ main browser ZIP uses scoped artifact reads, preserves stored bytes and refuses wrong-site/corrupt packages (793.607491ms)
✔ saved site-demand TakeOver cannot generate after Prebid is disabled, and can be explicitly repaired (19.880017ms)
✔ first built-in publication retains the prior legacy release and its existing rollback route (446.77625ms)
✔ main demand-mode API rejects TakeOver conflicts, synchronizes the exact Prebid pin and preserves concurrent settings (56.705091ms)
✔ legacy demand-mode writer cannot discard a concurrently saved built-in runtime selection (6.988239ms)
✔ main Prebid activation updates the runtime pin atomically and rejects corrupt or concurrent replacements (781.806016ms)
✔ disabled TakeOver and unsupported page-type maps stop generation without changing saved files or settings (449.412518ms)
(node:429) ExperimentalWarning: `--experimental-loader` may be removed in the future; instead use `register()`:
--import 'data:text/javascript,import { register } from "node:module"; import { pathToFileURL } from "node:url"; register("./tests/support/ts-extension-loader.mjs", pathToFileURL("./")); register("./tests/support/ts-extension-loader.mjs", pathToFileURL("./"));'
(Use `node --trace-warnings ...` to show where the warning was created)
✔ GPT-only plans exact runtime, preserves other settings and never reads R2 (23.568457ms)
✔ repeating the same selection is a no-change proposal (4.866924ms)
✔ GPT-only resolution uses saved pin, does not silently enable an available build (1.995628ms)
✔ Prebid proposal pins exact verified bytes, version and module declarations (7.642235ms)
✔ generation rechecks saved Prebid pin and returns the same inspected bytes (2.962616ms)
✔ explicit GPT-only switch clears the proposal pin without deleting stored build records (8.073638ms)
✔ changed runtime runtimeVersion is rejected before storage (2.682504ms)
✔ changed runtime runtimeSha256 is rejected before storage (1.192409ms)
✔ changed runtime capabilities is rejected before storage (4.339351ms)
✔ changed runtime configSchemaVersion is rejected before storage (1.106101ms)
✔ preview runtime requires explicit initial consent, not consent on every generation (2.265907ms)
✔ adding a newer stable version never upgrades an already pinned runtime (2.036849ms)
✔ missing exact runtime never falls back to a catalog entry (1.494437ms)
✔ duplicate catalog identity is ambiguous even when hash differs (0.737203ms)
✔ legacy/unpinned configuration requires selection instead of guessing (0.673224ms)
✔ stale review of site settings or build metadata is refused before R2 (1.998066ms)
✔ stale review of site settings or build metadata is refused before R2 (0.889861ms)
✔ stale review of site settings or build metadata is refused before R2 (0.97794ms)
✔ caller mutations after the first await cannot alter the planned selection (0.978349ms)
✔ explicit enabled build ID null cannot select automatically (0.869112ms)
✔ explicit enabled build ID latest cannot select automatically (0.773048ms)
✔ explicit enabled build ID other-build cannot select automatically (0.784254ms)
✔ two current builds cannot be hidden by choosing one ID (0.978302ms)
✔ wrong site, object path or archived build is not read or relabelled (1.133328ms)
✔ wrong site, object path or archived build is not read or relabelled (1.145946ms)
✔ wrong site, object path or archived build is not read or relabelled (1.111848ms)
✔ Prebid missing failure blocks and redacts errors (3.968612ms)
✔ Prebid checksum failure blocks and redacts errors (1.826848ms)
✔ Prebid header failure blocks and redacts errors (1.930114ms)
✔ Prebid modules failure blocks and redacts errors (1.339709ms)
✔ Prebid version failure blocks and redacts errors (2.445841ms)
✔ Prebid size failure blocks and redacts errors (0.974267ms)
✔ Prebid read failure blocks and redacts errors (1.339986ms)
✔ Prebid body failure blocks and redacts errors (2.270457ms)
✔ Prebid length failure blocks and redacts errors (0.937646ms)
✔ self-consistently replaced Prebid bytes still conflict with persisted pin (2.26491ms)
✔ changing current build does not automatically replace the saved one (1.395787ms)
✔ new configured bidder requirements are checked again before generation (2.877345ms)
✔ unsupported bidder mapping fails without reading artifact storage (1.38896ms)
✔ unsupported existing top-sticky configuration is not silently discarded (1.749489ms)
✔ browser source is not a selection input (0.652283ms)
✔ browser template is not a selection input (0.491363ms)
✔ browser file_url is not a selection input (0.588408ms)
✔ browser configJson is not a selection input (4.92905ms)
✔ site mismatch is refused before configuration or storage use (3.182966ms)
✔ prototype keys nested inside arrays are rejected (0.86627ms)
✔ getter properties are rejected without execution (0.741378ms)
✔ cyclic and non-JSON values do not hang or get silently dropped (1.362233ms)
✔ inconsistent GPT-only stored pin is rejected, not repaired (1.535948ms)
✔ returned bytes cannot mutate the stored fixture or a subsequent resolve (5.49189ms)
(node:442) ExperimentalWarning: `--experimental-loader` may be removed in the future; instead use `register()`:
--import 'data:text/javascript,import { register } from "node:module"; import { pathToFileURL } from "node:url"; register("./tests/support/ts-extension-loader.mjs", pathToFileURL("./")); register("./tests/support/ts-extension-loader.mjs", pathToFileURL("./"));'
(Use `node --trace-warnings ...` to show where the warning was created)
✔ saved bottom Sticky with group loading cannot be renamed or deleted (64.551991ms)
✔ concurrent position save prevents ad-unit mutation and its audit atomically (55.163607ms)
✔ loading summary reads saved display overrides and never writes configuration (12.141959ms)
✔ one explicit setup saves GAM-only mode and a built-in version without a template or Prebid file (649.056855ms)
✔ setup keeps the exact selected version and rejects enabling Prebid without a build (14.692076ms)
✔ unconfigured site uses the built-in workflow and gives one actionable missing-Prebid step without writing (16.301068ms)
✔ configured legacy profiles retain their workflow; a saved built-in choice takes precedence (10.92338ms)
✔ malformed saved runtime remains displayable and can be explicitly repaired (12.344269ms)
✔ site API saves runtime, position and lazy choices then builds selected version without template or row loss (607.555131ms)
✔ CAS compares all referenced rows and never saves or audits a stale snapshot (12.675833ms)
✔ different site saves preserve every other site and unrelated configuration (12.759865ms)
✔ new TEST routes retain auth, same origin, schema and site scope guards (32.984276ms)
✔ runtime selection repairs an archived Prebid pin using the activated current file (37.384858ms)
✔ disabled banner cannot save TakeOver (15.94952ms)
✔ older runtime-control form preserves position-owned Sticky and rejects concurrent config changes (28.621297ms)
✔ Prebid demand is rejected when the site has Prebid disabled (11.65513ms)
✔ simple setup gives an actionable missing-inventory error without saving partial choices (10.06663ms)
(node:465) ExperimentalWarning: `--experimental-loader` may be removed in the future; instead use `register()`:
--import 'data:text/javascript,import { register } from "node:module"; import { pathToFileURL } from "node:url"; register("./tests/support/ts-extension-loader.mjs", pathToFileURL("./")); register("./tests/support/ts-extension-loader.mjs", pathToFileURL("./"));'
(Use `node --trace-warnings ...` to show where the warning was created)
✔ approved CSV imports all 7 maps and 25 breakpoints without changing unrelated inventory (21.491584ms)
(node:478) ExperimentalWarning: `--experimental-loader` may be removed in the future; instead use `register()`:
--import 'data:text/javascript,import { register } from "node:module"; import { pathToFileURL } from "node:url"; register("./tests/support/ts-extension-loader.mjs", pathToFileURL("./")); register("./tests/support/ts-extension-loader.mjs", pathToFileURL("./"));'
(Use `node --trace-warnings ...` to show where the warning was created)
✔ public GET refuses builtin-draft-abc without downstream access (11.817004ms)
✔ public GET refuses %62uiltin-draft-abc without downstream access (0.973043ms)
✔ public HEAD refuses builtin-draft-abc without downstream access (0.711643ms)
✔ public HEAD refuses %62uiltin-draft-abc without downstream access (0.37785ms)
✔ legacy or API path remains delegated: /cdn/site/releases/20260911_120000/ads.js (0.267393ms)
✔ legacy or API path remains delegated: /cdn/site/current/ads.js (0.145399ms)
✔ legacy or API path remains delegated: /cdn/site/staging/ads.js (0.163651ms)
✔ legacy or API path remains delegated: /api/publishers/site/builtin-runtime-preview (0.138838ms)
✔ malformed CDN version cannot throw past the request boundary (0.535908ms)
(node:487) ExperimentalWarning: `--experimental-loader` may be removed in the future; instead use `register()`:
--import 'data:text/javascript,import { register } from "node:module"; import { pathToFileURL } from "node:url"; register("./tests/support/ts-extension-loader.mjs", pathToFileURL("./")); register("./tests/support/ts-extension-loader.mjs", pathToFileURL("./"));'
(Use `node --trace-warnings ...` to show where the warning was created)
✔ actual legacy staging refuses reserved ID before storage (6.487445ms)
✔ actual legacy staging refuses reserved version before storage (1.139102ms)
✔ actual legacy production refuses reserved ID before storage (0.560478ms)
✔ actual legacy production refuses reserved version before storage (0.794643ms)
✔ actual legacy rollback refuses reserved ID before storage (0.855736ms)
✔ actual legacy rollback refuses reserved version before storage (0.720407ms)
✔ actual legacy delete refuses reserved ID before storage (0.705202ms)
✔ actual legacy delete refuses reserved version before storage (0.372696ms)
✔ actual cross-account staging dispatch cannot publish candidate drafts (3.696113ms)
✔ actual cross-account production dispatch cannot publish candidate drafts (1.39ms)
✔ existing legacy release path remains reachable (3.556605ms)
(node:500) ExperimentalWarning: `--experimental-loader` may be removed in the future; instead use `register()`:
--import 'data:text/javascript,import { register } from "node:module"; import { pathToFileURL } from "node:url"; register("./tests/support/ts-extension-loader.mjs", pathToFileURL("./")); register("./tests/support/ts-extension-loader.mjs", pathToFileURL("./"));'
(Use `node --trace-warnings ...` to show where the warning was created)
✔ Tanjug package preserves all approved GAM, bidder and responsive mapping data (303.912887ms)
✔ frozen ZIP encoding is identical in UTC and timezones east and west of UTC (15.207643ms)
✔ ZIP contains exact original builder bytes and verifies every candidate file (12.086196ms)
✔ pilot routes require TEST authentication, cannot mutate saved settings, and isolate script execution (112.022891ms)
(node:509) ExperimentalWarning: `--experimental-loader` may be removed in the future; instead use `register()`:
--import 'data:text/javascript,import { register } from "node:module"; import { pathToFileURL } from "node:url"; register("./tests/support/ts-extension-loader.mjs", pathToFileURL("./")); register("./tests/support/ts-extension-loader.mjs", pathToFileURL("./"));'
(Use `node --trace-warnings ...` to show where the warning was created)
✔ new page and JS require session, new upload/API refuse unauthenticated before storage access (12.307858ms)
✔ cross-origin upload is refused before any DB or R2 read (36.291948ms)
✔ new page uses restrictive CSP, own script and no executable ad library (25.119897ms)
✔ upload alone preserves selected settings and produces no candidate/release (44.276398ms)
✔ real HTTP upload -> enable -> Generate -> Save -> download includes identical original prebid.js (1041.363529ms)
✔ replacement changes only new generation, old saved ZIP stays byte-identical, old receipt becomes stale (874.759405ms)
✔ turn off retains bidders/file and generates GPT-only nine-file package (472.334606ms)
✔ tampered selected file stops generation without resetting settings or repairing bytes (35.683784ms)
✔ extra raw source/config/site/URL fields and query routes are rejected (28.298244ms)
✔ large and malformed uploads fail without registration (33.372727ms)
(node:522) ExperimentalWarning: `--experimental-loader` may be removed in the future; instead use `register()`:
--import 'data:text/javascript,import { register } from "node:module"; import { pathToFileURL } from "node:url"; register("./tests/support/ts-extension-loader.mjs", pathToFileURL("./")); register("./tests/support/ts-extension-loader.mjs", pathToFileURL("./"));'
(Use `node --trace-warnings ...` to show where the warning was created)
✔ export before any file: normalized options, deterministic modules, no private values or writes (29.628952ms)
✔ pending plan survives reload while all active rows and exact pin stay unchanged (53.102664ms)
✔ round-trip activates original bytes and uses identical features in generated package (622.399879ms)
✔ changed bidder requires new build, gives exact reason and preserves pending/active settings (21.103507ms)
✔ returned version mismatch never activates the file (15.660202ms)
✔ same plan checks current revision; stale tabs cannot export, save a plan or activate (11.219461ms)
✔ concurrent mutation after byte verification rolls back option and selection changes (12.998804ms)
✔ disabled IDs retain parameters but require no modules; re-enable restores same settings (14.787146ms)
✔ existing disabled User ID records and private settings are retained through a bidder-only edit (19.977196ms)
✔ supply chain and all supported User IDs derive requirements from actual normalized input (0.410482ms)
✔ public verification messages drop raw storage failures and unknown issue content (0.250518ms)
✔ invalid plan never writes: r=>r.version='latest' (8.916482ms)
✔ invalid plan never writes: r=>r.options.userIds[0].settings={name:'evil'} (9.381711ms)
✔ invalid plan never writes: r=>r.options.userIds[0].settings=JSON.parse('{"__proto__":{"x":1}}') (13.803455ms)
✔ invalid plan never writes: r=>r.options.currencyConversionEnabled='false' (7.93897ms)
✔ preparation response carries its committed revision for continuing without reloading the form (12.196318ms)
✔ preparation revision never adopts a concurrent change after commit (10.029168ms)
(node:539) ExperimentalWarning: `--experimental-loader` may be removed in the future; instead use `register()`:
--import 'data:text/javascript,import { register } from "node:module"; import { pathToFileURL } from "node:url"; register("./tests/support/ts-extension-loader.mjs", pathToFileURL("./")); register("./tests/support/ts-extension-loader.mjs", pathToFileURL("./"));'
(Use `node --trace-warnings ...` to show where the warning was created)
✔ OFF works without reading missing bytes; ON still verifies them (636.942053ms)
✔ OFF works without reading corrupt bytes; ON still verifies them (417.569675ms)
✔ OFF works without reading unreadable bytes; ON still verifies them (448.342651ms)
✔ HTTP OFF preserves current record and partner data when its R2 object is missing (30.439592ms)
(node:552) ExperimentalWarning: `--experimental-loader` may be removed in the future; instead use `register()`:
--import 'data:text/javascript,import { register } from "node:module"; import { pathToFileURL } from "node:url"; register("./tests/support/ts-extension-loader.mjs", pathToFileURL("./")); register("./tests/support/ts-extension-loader.mjs", pathToFileURL("./"));'
(Use `node --trace-warnings ...` to show where the warning was created)
✔ upload stores unchanged private bytes as archived without changing settings or current file (45.605055ms)
✔ same bytes retry idempotently without a second record, audit, PUT or active choice (12.300829ms)
✔ changed bytes with same declared version create distinct immutable files (20.428745ms)
✔ invalid uploads do not write storage: 0 (7.482417ms)
✔ invalid uploads do not write storage: 8388609 (9.167418ms)
✔ invalid uploads do not write storage: 18 (7.340588ms)
✔ invalid uploads do not write storage: 17 (8.226164ms)
✔ invalid uploads do not write storage: 2 (6.660593ms)
✔ upload rejects a corrupt existing object and never silently replaces it (10.330946ms)
✔ failed registration leaves recoverable bytes, and retry registers the same file (17.875488ms)
✔ bounded raw upload validates type, size, stream accounting and cancellation (8.757024ms)
✔ uploaded file is selected with bidders and exact pin in one atomic commit (22.123637ms)
✔ Generate embeds same bytes and bidder configuration without changing reference TakeOver (772.437726ms)
✔ missing modules block activation without changing current config or deleting file (16.11551ms)
✔ uploading a replacement leaves existing selected pin and generated Prebid unchanged (406.552599ms)
✔ explicit replacement archives old build; old bytes remain; OFF retains settings and both files (437.653198ms)
✔ runtime-version form preserves active Prebid choice and rejects silent mode changes (24.538764ms)
✔ site editor keeps Prebid selection and refuses removal of override target (453.725592ms)
✔ stale revision and mutation during artifact checks roll back completely (13.451931ms)
✔ chosen archived metadata mutation between check and transaction is rejected (13.703477ms)
✔ fresh repeated save does not create duplicate audit or mutate other config (19.665965ms)
✔ mutation after commit reports uncertainty rather than undoing successfully saved values (14.71769ms)
✔ rejects unsupported bidder or build input: d=>d.bidders[0].params=[] (12.052321ms)
✔ rejects unsupported bidder or build input: d=>d.bidders.push(d.bidders[0]) (10.345036ms)
✔ rejects unsupported bidder or build input: d=>d.bidders[0].bidder='unknown' (13.447151ms)
✔ rejects unsupported bidder or build input: d=>d.bidders[0].params=JSON.parse('{"__proto__":{"x":1}}') (13.083472ms)
✔ rejects unsupported bidder or build input: d=>d.bidders[0].params={x:{constructor:1}} (14.278835ms)
✔ rejects unsupported bidder or build input: d=>d.bidders[0].params={} (9.656822ms)
✔ rejects unsupported bidder or build input: d=>d.buildId='https://example.invalid/prebid.js' (9.84062ms)
✔ new upload may be retried after 50-file quota; a 51st registration is refused (29.884516ms)
(node:561) ExperimentalWarning: `--experimental-loader` may be removed in the future; instead use `register()`:
--import 'data:text/javascript,import { register } from "node:module"; import { pathToFileURL } from "node:url"; register("./tests/support/ts-extension-loader.mjs", pathToFileURL("./")); register("./tests/support/ts-extension-loader.mjs", pathToFileURL("./"));'
(Use `node --trace-warnings ...` to show where the warning was created)
✔ version lookup uses only the fixed public endpoint, rejects redirects and has a deadline (11.367352ms)
✔ invalid, oversized and failed catalogs return a safe error without replacing entered settings (2.233403ms)
✔ new plan and version endpoints require authentication before data or network access (11.91288ms)
(node:574) ExperimentalWarning: `--experimental-loader` may be removed in the future; instead use `register()`:
--import 'data:text/javascript,import { register } from "node:module"; import { pathToFileURL } from "node:url"; register("./tests/support/ts-extension-loader.mjs", pathToFileURL("./")); register("./tests/support/ts-extension-loader.mjs", pathToFileURL("./"));'
(Use `node --trace-warnings ...` to show where the warning was created)
✔ unauthenticated settings API cannot read or write the database (10.229998ms)
✔ settings page and script require test authentication (1.386025ms)
✔ settings screen preserves CSP and loads only its own client code (20.145612ms)
✔ settings GET on an empty database does not initialize it (7.608967ms)
✔ settings GET exposes only the built-in catalog and public site fields (21.909724ms)
✔ history identifies an earlier saved build without changing its pin or enabling it (29.742383ms)
✔ history reflects the exact explicitly saved build (28.736221ms)
✔ exact selected pin is saved without dropping unrelated existing settings (19.81897ms)
✔ saving the same refreshed selection twice is a no-op with one audit entry (46.38097ms)
✔ stale settings from another tab do not overwrite a newer configuration (15.445073ms)
✔ changed rule between planner and SQL transaction fails the atomic comparison (20.204327ms)
✔ parallel HTTP writes from the same reviewed revision produce one winner (19.898954ms)
✔ selection changes invalidate a previously generated review receipt (601.675976ms)
✔ selected runtime flows through Generate, Save, reload state and original ZIP download (1794.263986ms)
✔ a historical package remains byte-identical after a new runtime selection (1111.515653ms)
✔ corrupt persisted pin blocks generation instead of falling back to the built-in default (576.101902ms)
✔ preview requires explicit opt-in and unknown versions cannot be selected (13.52221ms)
✔ unknown browser config, source, site and oversized input fields are rejected (19.754483ms)
✔ Prebid enablement and uploads remain disabled in the synthetic editor (42.090936ms)
✔ cross-origin selection cannot enter the settings writer (12.376128ms)
✔ schema and old stored releases are not reset when selecting a runtime (11.461287ms)
✔ a lost HTTP storage response is recoverable by rereading without duplicate audit (24.22166ms)
(node:583) ExperimentalWarning: `--experimental-loader` may be removed in the future; instead use `register()`:
--import 'data:text/javascript,import { register } from "node:module"; import { pathToFileURL } from "node:url"; register("./tests/support/ts-extension-loader.mjs", pathToFileURL("./")); register("./tests/support/ts-extension-loader.mjs", pathToFileURL("./"));'
(Use `node --trace-warnings ...` to show where the warning was created)
✔ legacy generation cannot share the Interstitial fallback with a regular position (70.811063ms)
✔ saved TakeOver controls drive Generate, status and the exact saved package (1709.440307ms)
✔ turning TakeOver off preserves its dimensions, timers and unrelated settings (658.152586ms)
✔ an older Generate tab cannot override saved TakeOver or save a stale review (622.217303ms)
✔ reading defaults does not save them and old editor payloads retain stored TakeOver (288.245043ms)
✔ site settings page/script/API require authentication (22.61328ms)
✔ editor HTML and script maintain restrictive CSP with no ad execution (40.81094ms)
✔ authenticated settings response never exposes extra configuration (37.878108ms)
✔ saved site fields and positions drive real compiler and TakeOver path, not original demo values (1069.739854ms)
✔ runtime selection works after approved test-copy identity change (33.567695ms)
✔ old receipt is rejected and stored ZIP stays identical after site editing (733.542197ms)
✔ cross-origin, foreign site and injected config fields are rejected (18.005702ms)
✔ query routes and alternate write methods do not access a different site (18.1697ms)
✔ existing schema and production capabilities stay unchanged (22.191918ms)
✔ explicit sticky OFF survives editor save and generation: "" (404.309511ms)
✔ explicit sticky OFF survives editor save and generation: null (399.904356ms)
✔ maximum-count valid editor draft larger than 16KB is accepted (59.714329ms)
✔ site editor rejects over 256KB without changing the saved revision (18.952893ms)
✔ other test endpoints retain the existing 16KB JSON limit (17.439868ms)
✔ TakeOver ad position saves map, Prebid override, lazy rules and original uploaded bytes into one package (883.257656ms)
✔ invalid saved runtime pin keeps the Prebid editor readable without resetting it (20.267243ms)
✔ TEST editor rejects disabling a TakeOver position before saving its draft (35.670706ms)
(node:600) ExperimentalWarning: `--experimental-loader` may be removed in the future; instead use `register()`:
--import 'data:text/javascript,import { register } from "node:module"; import { pathToFileURL } from "node:url"; register("./tests/support/ts-extension-loader.mjs", pathToFileURL("./")); register("./tests/support/ts-extension-loader.mjs", pathToFileURL("./"));'
(Use `node --trace-warnings ...` to show where the warning was created)
✔ default configuration remains disabled with an empty origin (2.262733ms)
✔ explicit active configuration accepts only the owner-confirmed test origin and resources (0.24364ms)
✔ only the activation switch and public origin differ from the disabled config (0.352321ms)
✔ neither configuration is accepted under the other activation mode (3.593347ms)
✔ refuses production worker in both test configurations (2.740904ms)
✔ refuses other account in both test configurations (0.84641ms)
✔ refuses legacy entrypoint in both test configurations (0.76699ms)
✔ refuses production D1 in both test configurations (1.153903ms)
✔ refuses extra D1 binding in both test configurations (1.45991ms)
✔ refuses production R2 in both test configurations (1.788028ms)
✔ refuses missing storage in both test configurations (0.91538ms)
✔ refuses production origin in both test configurations (1.073109ms)
✔ refuses version-preview hosts in both test configurations (2.401407ms)
✔ refuses public routes in both test configurations (0.993719ms)
✔ refuses scheduled events in both test configurations (0.588136ms)
✔ refuses extra service binding in both test configurations (0.850431ms)
✔ refuses extra environment overrides in both test configurations (0.915951ms)
✔ refuses plaintext test password in both test configurations (0.531748ms)
✔ refuses production credential fallback in both test configurations (0.582285ms)
✔ refuses unexpected initialization command in both test configurations (0.687149ms)
(node:613) ExperimentalWarning: `--experimental-loader` may be removed in the future; instead use `register()`:
--import 'data:text/javascript,import { register } from "node:module"; import { pathToFileURL } from "node:url"; register("./tests/support/ts-extension-loader.mjs", pathToFileURL("./")); register("./tests/support/ts-extension-loader.mjs", pathToFileURL("./"));'
(Use `node --trace-warnings ...` to show where the warning was created)
✔ refuses missing quota trigger even with the original marker intact (9.905696ms)
✔ refuses changed quota trigger even with the original marker intact (7.589442ms)
✔ refuses missing promotion protection even with the original marker intact (4.265178ms)
✔ refuses missing index even with the original marker intact (4.501467ms)
✔ refuses changed table definition even with the original marker intact (6.355926ms)
✔ refuses unexpected view even with the original marker intact (5.570045ms)
(node:622) ExperimentalWarning: `--experimental-loader` may be removed in the future; instead use `register()`:
--import 'data:text/javascript,import { register } from "node:module"; import { pathToFileURL } from "node:url"; register("./tests/support/ts-extension-loader.mjs", pathToFileURL("./")); register("./tests/support/ts-extension-loader.mjs", pathToFileURL("./"));'
(Use `node --trace-warnings ...` to show where the warning was created)
✔ disabled workspace refuses before any database access (6.945762ms)
✔ production hostname cannot invoke test routes (1.57065ms)
✔ wrong resource identity fails closed (1.313825ms)
✔ production credential names are not a fallback (1.599648ms)
✔ unauthenticated API does not read the database (3.675988ms)
✔ test login issues a secure host-only cookie and no external redirect (23.620854ms)
✔ same raw key still cannot replay a production session (3.746933ms)
✔ cross-site or missing-Origin mutations are refused (3.356213ms)
✔ oversized streamed JSON is refused before initialization (4.794207ms)
✔ status GET leaves an empty database empty (4.722223ms)
✔ initialization requires the exact confirmation and forbids extra fields (4.832489ms)
✔ one atomic initialization creates only the synthetic site (14.146695ms)
✔ existing unrecognized database is refused without mutation (3.927825ms)
✔ partial schema failure rolls back all application tables (7.276838ms)
✔ generator uses the actual built-in compiler and does not save (512.872003ms)
✔ actual Generate -> Save -> retry -> reopen -> ZIP preserves reviewed bytes (1184.921947ms)
✔ browser-supplied files are rejected before R2 writes (6.595152ms)
✔ changed configuration invalidates the reviewed package (400.327515ms)
✔ tampered receipt cannot write a package (358.197277ms)
✔ receipt is actor-bound even within the test workspace (291.684098ms)
✔ partial R2 failure keeps tracked bytes and exact retry succeeds (1020.880774ms)
✔ lost commit response never deletes a successful stored release (918.741205ms)
✔ corrupt stored files fail rather than being regenerated or repaired (876.805831ms)
✔ quota includes incomplete intents and stops before R2 upload (618.407715ms)
✔ legacy publish, delete, upload and public CDN paths never delegate (11.286491ms)
✔ setup does not persist passwords, session keys or review receipts (707.291035ms)
✔ receipt expires exactly after 20 minutes (2.345275ms)
✔ receipt rejects another origin or signing key (1.557835ms)
✔ promotion and site deletion are also guarded in test SQL (659.926649ms)
✔ browser download uses metadata then one verified file per request without reading the whole package (635.952728ms)
ℹ tests 918
ℹ suites 0
ℹ pass 918
ℹ fail 0
ℹ cancelled 0
ℹ skipped 0
ℹ todo 0
ℹ duration_ms 208000.588561
